[    4575ms] [INFO] %cDownload the React DevTools for a better development experience: https://reactjs.org/link/react-devtools font-weight:bold @ http://localhost:3007/node_modules/.vite/deps/chunk-RGKVGJTR.js?v=af994126:21535
[    6029ms] [VERBOSE] [DOM] Input elements should have autocomplete attributes (suggested: "current-password"): (More info: https://goo.gl/9p2vKq) %o @ http://localhost:3007/login:0
[   14467ms] [ERROR] Warning: [antd: message] Static function can not consume context like dynamic theme. Please use 'App' component instead. @ http://localhost:3007/node_modules/.vite/deps/antd.js?v=cfba4874:728
[   16785ms] [ERROR] Failed to load resource: net::ERR_CONNECTION_REFUSED @ http://localhost:8080/api/users?page=1&pageSize=10&keyword=&role=&_t=1784808277823:0
[   17791ms] [ERROR] Failed to load resource: net::ERR_CONNECTION_REFUSED @ http://localhost:8080/api/users?page=1&pageSize=10&keyword=&role=&_t=1784808278859:0
[   58657ms] [INFO] %cDownload the React DevTools for a better development experience: https://reactjs.org/link/react-devtools font-weight:bold @ http://localhost:3007/node_modules/.vite/deps/chunk-RGKVGJTR.js?v=af994126:21535
[   59922ms] [LOG] 需要获取用户信息 @ http://localhost:3007/src/contexts/AuthContext.tsx:36
[   59927ms] [LOG] 需要获取用户信息 @ http://localhost:3007/src/contexts/AuthContext.tsx:36
[   79585ms] [INFO] %cDownload the React DevTools for a better development experience: https://reactjs.org/link/react-devtools font-weight:bold @ http://localhost:3007/node_modules/.vite/deps/chunk-RGKVGJTR.js?v=af994126:21535
[   80996ms] [VERBOSE] [DOM] Input elements should have autocomplete attributes (suggested: "current-password"): (More info: https://goo.gl/9p2vKq) %o @ http://localhost:3007/login:0
[   88073ms] [ERROR] Warning: [antd: message] Static function can not consume context like dynamic theme. Please use 'App' component instead. @ http://localhost:3007/node_modules/.vite/deps/antd.js?v=cfba4874:728
[   98459ms] [LOG] [vite] server connection lost. polling for restart... @ http://localhost:3007/@vite/client:483
[   98462ms] [ERROR] Failed to load resource: net::ERR_CONNECTION_REFUSED @ http://localhost:3007/:0
[   99465ms] [ERROR] Failed to load resource: net::ERR_CONNECTION_REFUSED @ http://localhost:3007/:0
[  100468ms] [ERROR] Failed to load resource: net::ERR_CONNECTION_REFUSED @ http://localhost:3007/:0
[  101471ms] [ERROR] Failed to load resource: net::ERR_CONNECTION_REFUSED @ http://localhost:3007/:0
[  102476ms] [ERROR] Failed to load resource: net::ERR_CONNECTION_REFUSED @ http://localhost:3007/:0
[  103479ms] [ERROR] Failed to load resource: net::ERR_CONNECTION_REFUSED @ http://localhost:3007/:0
[  104483ms] [ERROR] Failed to load resource: net::ERR_CONNECTION_REFUSED @ http://localhost:3007/:0
[  105486ms] [ERROR] Failed to load resource: net::ERR_CONNECTION_REFUSED @ http://localhost:3007/:0
[  106490ms] [ERROR] Failed to load resource: net::ERR_CONNECTION_REFUSED @ http://localhost:3007/:0
[  107492ms] [ERROR] Failed to load resource: net::ERR_CONNECTION_REFUSED @ http://localhost:3007/:0
[  108494ms] [ERROR] Failed to load resource: net::ERR_CONNECTION_REFUSED @ http://localhost:3007/:0
[  109498ms] [ERROR] Failed to load resource: net::ERR_CONNECTION_REFUSED @ http://localhost:3007/:0
[  110501ms] [ERROR] Failed to load resource: net::ERR_CONNECTION_REFUSED @ http://localhost:3007/:0
[  111504ms] [ERROR] Failed to load resource: net::ERR_CONNECTION_REFUSED @ http://localhost:3007/:0
[  112508ms] [ERROR] Failed to load resource: net::ERR_CONNECTION_REFUSED @ http://localhost:3007/:0
[  113510ms] [ERROR] Failed to load resource: net::ERR_CONNECTION_REFUSED @ http://localhost:3007/:0
[  114514ms] [ERROR] Failed to load resource: net::ERR_CONNECTION_REFUSED @ http://localhost:3007/:0
[  115517ms] [ERROR] Failed to load resource: net::ERR_CONNECTION_REFUSED @ http://localhost:3007/:0
[  116520ms] [ERROR] Failed to load resource: net::ERR_CONNECTION_REFUSED @ http://localhost:3007/:0
[  117523ms] [ERROR] Failed to load resource: net::ERR_CONNECTION_REFUSED @ http://localhost:3007/:0
[  118527ms] [ERROR] Failed to load resource: net::ERR_CONNECTION_REFUSED @ http://localhost:3007/:0
[  119530ms] [ERROR] Failed to load resource: net::ERR_CONNECTION_REFUSED @ http://localhost:3007/:0
[  120533ms] [ERROR] Failed to load resource: net::ERR_CONNECTION_REFUSED @ http://localhost:3007/:0
[  121536ms] [ERROR] Failed to load resource: net::ERR_CONNECTION_REFUSED @ http://localhost:3007/:0
[  122539ms] [ERROR] Failed to load resource: net::ERR_CONNECTION_REFUSED @ http://localhost:3007/:0
[  123542ms] [ERROR] Failed to load resource: net::ERR_CONNECTION_REFUSED @ http://localhost:3007/:0
[  124545ms] [ERROR] Failed to load resource: net::ERR_CONNECTION_REFUSED @ http://localhost:3007/:0
[  125548ms] [ERROR] Failed to load resource: net::ERR_CONNECTION_REFUSED @ http://localhost:3007/:0
[  126551ms] [ERROR] Failed to load resource: net::ERR_CONNECTION_REFUSED @ http://localhost:3007/:0
[  127554ms] [ERROR] Failed to load resource: net::ERR_CONNECTION_REFUSED @ http://localhost:3007/:0
[  128557ms] [ERROR] Failed to load resource: net::ERR_CONNECTION_REFUSED @ http://localhost:3007/:0
[  129561ms] [ERROR] Failed to load resource: net::ERR_CONNECTION_REFUSED @ http://localhost:3007/:0
[  130564ms] [ERROR] Failed to load resource: net::ERR_CONNECTION_REFUSED @ http://localhost:3007/:0
[  131567ms] [ERROR] Failed to load resource: net::ERR_CONNECTION_REFUSED @ http://localhost:3007/:0
[  132571ms] [ERROR] Failed to load resource: net::ERR_CONNECTION_REFUSED @ http://localhost:3007/:0
[  133574ms] [ERROR] Failed to load resource: net::ERR_CONNECTION_REFUSED @ http://localhost:3007/:0
[  134577ms] [ERROR] Failed to load resource: net::ERR_CONNECTION_REFUSED @ http://localhost:3007/:0
[  135580ms] [ERROR] Failed to load resource: net::ERR_CONNECTION_REFUSED @ http://localhost:3007/:0
[  136583ms] [ERROR] Failed to load resource: net::ERR_CONNECTION_REFUSED @ http://localhost:3007/:0
[  137586ms] [ERROR] Failed to load resource: net::ERR_CONNECTION_REFUSED @ http://localhost:3007/:0
[  138589ms] [ERROR] Failed to load resource: net::ERR_CONNECTION_REFUSED @ http://localhost:3007/:0
[  139591ms] [ERROR] Failed to load resource: net::ERR_CONNECTION_REFUSED @ http://localhost:3007/:0
[  140594ms] [ERROR] Failed to load resource: net::ERR_CONNECTION_REFUSED @ http://localhost:3007/:0
[  141597ms] [ERROR] Failed to load resource: net::ERR_CONNECTION_REFUSED @ http://localhost:3007/:0
[  142599ms] [ERROR] Failed to load resource: net::ERR_CONNECTION_REFUSED @ http://localhost:3007/:0
[  143603ms] [ERROR] Failed to load resource: net::ERR_CONNECTION_REFUSED @ http://localhost:3007/:0
[  144605ms] [ERROR] Failed to load resource: net::ERR_CONNECTION_REFUSED @ http://localhost:3007/:0
[  145608ms] [ERROR] Failed to load resource: net::ERR_CONNECTION_REFUSED @ http://localhost:3007/:0
[  146611ms] [ERROR] Failed to load resource: net::ERR_CONNECTION_REFUSED @ http://localhost:3007/:0
[  147614ms] [ERROR] Failed to load resource: net::ERR_CONNECTION_REFUSED @ http://localhost:3007/:0
[  148616ms] [ERROR] Failed to load resource: net::ERR_CONNECTION_REFUSED @ http://localhost:3007/:0
[  149619ms] [ERROR] Failed to load resource: net::ERR_CONNECTION_REFUSED @ http://localhost:3007/:0
[  150621ms] [ERROR] Failed to load resource: net::ERR_CONNECTION_REFUSED @ http://localhost:3007/:0
[  151625ms] [ERROR] Failed to load resource: net::ERR_CONNECTION_REFUSED @ http://localhost:3007/:0
[  152627ms] [ERROR] Failed to load resource: net::ERR_CONNECTION_REFUSED @ http://localhost:3007/:0
[  153631ms] [ERROR] Failed to load resource: net::ERR_CONNECTION_REFUSED @ http://localhost:3007/:0
[  154634ms] [ERROR] Failed to load resource: net::ERR_CONNECTION_REFUSED @ http://localhost:3007/:0
[  155637ms] [ERROR] Failed to load resource: net::ERR_CONNECTION_REFUSED @ http://localhost:3007/:0
[  156640ms] [ERROR] Failed to load resource: net::ERR_CONNECTION_REFUSED @ http://localhost:3007/:0
[  157643ms] [ERROR] Failed to load resource: net::ERR_CONNECTION_REFUSED @ http://localhost:3007/:0
[  158646ms] [ERROR] Failed to load resource: net::ERR_CONNECTION_REFUSED @ http://localhost:3007/:0
[  159648ms] [ERROR] Failed to load resource: net::ERR_CONNECTION_REFUSED @ http://localhost:3007/:0
[  160651ms] [ERROR] Failed to load resource: net::ERR_CONNECTION_REFUSED @ http://localhost:3007/:0
[  161654ms] [ERROR] Failed to load resource: net::ERR_CONNECTION_REFUSED @ http://localhost:3007/:0
[  162657ms] [ERROR] Failed to load resource: net::ERR_CONNECTION_REFUSED @ http://localhost:3007/:0
[  163660ms] [ERROR] Failed to load resource: net::ERR_CONNECTION_REFUSED @ http://localhost:3007/:0
[  164664ms] [ERROR] Failed to load resource: net::ERR_CONNECTION_REFUSED @ http://localhost:3007/:0
[  165667ms] [ERROR] Failed to load resource: net::ERR_CONNECTION_REFUSED @ http://localhost:3007/:0
[  166670ms] [ERROR] Failed to load resource: net::ERR_CONNECTION_REFUSED @ http://localhost:3007/:0
[  167673ms] [ERROR] Failed to load resource: net::ERR_CONNECTION_REFUSED @ http://localhost:3007/:0
[  168675ms] [ERROR] Failed to load resource: net::ERR_CONNECTION_REFUSED @ http://localhost:3007/:0
[  169679ms] [ERROR] Failed to load resource: net::ERR_CONNECTION_REFUSED @ http://localhost:3007/:0
[  170682ms] [ERROR] Failed to load resource: net::ERR_CONNECTION_REFUSED @ http://localhost:3007/:0
[  171684ms] [ERROR] Failed to load resource: net::ERR_CONNECTION_REFUSED @ http://localhost:3007/:0
[  172687ms] [ERROR] Failed to load resource: net::ERR_CONNECTION_REFUSED @ http://localhost:3007/:0
[  173690ms] [ERROR] Failed to load resource: net::ERR_CONNECTION_REFUSED @ http://localhost:3007/:0
[  174694ms] [ERROR] Failed to load resource: net::ERR_CONNECTION_REFUSED @ http://localhost:3007/:0
[  175697ms] [ERROR] Failed to load resource: net::ERR_CONNECTION_REFUSED @ http://localhost:3007/:0
[  176700ms] [ERROR] Failed to load resource: net::ERR_CONNECTION_REFUSED @ http://localhost:3007/:0
[  177703ms] [ERROR] Failed to load resource: net::ERR_CONNECTION_REFUSED @ http://localhost:3007/:0
[  178705ms] [ERROR] Failed to load resource: net::ERR_CONNECTION_REFUSED @ http://localhost:3007/:0
[  179708ms] [ERROR] Failed to load resource: net::ERR_CONNECTION_REFUSED @ http://localhost:3007/:0
[  180712ms] [ERROR] Failed to load resource: net::ERR_CONNECTION_REFUSED @ http://localhost:3007/:0
[  181715ms] [ERROR] Failed to load resource: net::ERR_CONNECTION_REFUSED @ http://localhost:3007/:0
[  182718ms] [ERROR] Failed to load resource: net::ERR_CONNECTION_REFUSED @ http://localhost:3007/:0
[  183720ms] [ERROR] Failed to load resource: net::ERR_CONNECTION_REFUSED @ http://localhost:3007/:0
[  184723ms] [ERROR] Failed to load resource: net::ERR_CONNECTION_REFUSED @ http://localhost:3007/:0
[  185726ms] [ERROR] Failed to load resource: net::ERR_CONNECTION_REFUSED @ http://localhost:3007/:0
[  186729ms] [ERROR] Failed to load resource: net::ERR_CONNECTION_REFUSED @ http://localhost:3007/:0
[  187732ms] [ERROR] Failed to load resource: net::ERR_CONNECTION_REFUSED @ http://localhost:3007/:0
[  188736ms] [ERROR] Failed to load resource: net::ERR_CONNECTION_REFUSED @ http://localhost:3007/:0
[  189740ms] [ERROR] Failed to load resource: net::ERR_CONNECTION_REFUSED @ http://localhost:3007/:0
[  190743ms] [ERROR] Failed to load resource: net::ERR_CONNECTION_REFUSED @ http://localhost:3007/:0
[  191746ms] [ERROR] Failed to load resource: net::ERR_CONNECTION_REFUSED @ http://localhost:3007/:0
[  192750ms] [ERROR] Failed to load resource: net::ERR_CONNECTION_REFUSED @ http://localhost:3007/:0
[  193754ms] [ERROR] Failed to load resource: net::ERR_CONNECTION_REFUSED @ http://localhost:3007/:0
[  194757ms] [ERROR] Failed to load resource: net::ERR_CONNECTION_REFUSED @ http://localhost:3007/:0
[  195761ms] [ERROR] Failed to load resource: net::ERR_CONNECTION_REFUSED @ http://localhost:3007/:0
[  196764ms] [ERROR] Failed to load resource: net::ERR_CONNECTION_REFUSED @ http://localhost:3007/:0
[  197769ms] [ERROR] Failed to load resource: net::ERR_CONNECTION_REFUSED @ http://localhost:3007/:0
[  198773ms] [ERROR] Failed to load resource: net::ERR_CONNECTION_REFUSED @ http://localhost:3007/:0
[  199777ms] [ERROR] Failed to load resource: net::ERR_CONNECTION_REFUSED @ http://localhost:3007/:0
[  200781ms] [ERROR] Failed to load resource: net::ERR_CONNECTION_REFUSED @ http://localhost:3007/:0
[  201784ms] [ERROR] Failed to load resource: net::ERR_CONNECTION_REFUSED @ http://localhost:3007/:0
[  202788ms] [ERROR] Failed to load resource: net::ERR_CONNECTION_REFUSED @ http://localhost:3007/:0
[  203790ms] [ERROR] Failed to load resource: net::ERR_CONNECTION_REFUSED @ http://localhost:3007/:0
[  204793ms] [ERROR] Failed to load resource: net::ERR_CONNECTION_REFUSED @ http://localhost:3007/:0
[  205796ms] [ERROR] Failed to load resource: net::ERR_CONNECTION_REFUSED @ http://localhost:3007/:0
[  206800ms] [ERROR] Failed to load resource: net::ERR_CONNECTION_REFUSED @ http://localhost:3007/:0
[  207802ms] [ERROR] Failed to load resource: net::ERR_CONNECTION_REFUSED @ http://localhost:3007/:0
[  208805ms] [ERROR] Failed to load resource: net::ERR_CONNECTION_REFUSED @ http://localhost:3007/:0
[  209809ms] [ERROR] Failed to load resource: net::ERR_CONNECTION_REFUSED @ http://localhost:3007/:0
[  210812ms] [ERROR] Failed to load resource: net::ERR_CONNECTION_REFUSED @ http://localhost:3007/:0
[  211815ms] [ERROR] Failed to load resource: net::ERR_CONNECTION_REFUSED @ http://localhost:3007/:0
[  212818ms] [ERROR] Failed to load resource: net::ERR_CONNECTION_REFUSED @ http://localhost:3007/:0
[  213821ms] [ERROR] Failed to load resource: net::ERR_CONNECTION_REFUSED @ http://localhost:3007/:0
[  214824ms] [ERROR] Failed to load resource: net::ERR_CONNECTION_REFUSED @ http://localhost:3007/:0
[  215827ms] [ERROR] Failed to load resource: net::ERR_CONNECTION_REFUSED @ http://localhost:3007/:0
[  216830ms] [ERROR] Failed to load resource: net::ERR_CONNECTION_REFUSED @ http://localhost:3007/:0
[  217833ms] [ERROR] Failed to load resource: net::ERR_CONNECTION_REFUSED @ http://localhost:3007/:0
[  218836ms] [ERROR] Failed to load resource: net::ERR_CONNECTION_REFUSED @ http://localhost:3007/:0
[  219839ms] [ERROR] Failed to load resource: net::ERR_CONNECTION_REFUSED @ http://localhost:3007/:0
[  220842ms] [ERROR] Failed to load resource: net::ERR_CONNECTION_REFUSED @ http://localhost:3007/:0
[  221845ms] [ERROR] Failed to load resource: net::ERR_CONNECTION_REFUSED @ http://localhost:3007/:0
[  222848ms] [ERROR] Failed to load resource: net::ERR_CONNECTION_REFUSED @ http://localhost:3007/:0
[  223851ms] [ERROR] Failed to load resource: net::ERR_CONNECTION_REFUSED @ http://localhost:3007/:0
[  224855ms] [ERROR] Failed to load resource: net::ERR_CONNECTION_REFUSED @ http://localhost:3007/:0
[  225858ms] [ERROR] Failed to load resource: net::ERR_CONNECTION_REFUSED @ http://localhost:3007/:0
[  226861ms] [ERROR] Failed to load resource: net::ERR_CONNECTION_REFUSED @ http://localhost:3007/:0
[  227864ms] [ERROR] Failed to load resource: net::ERR_CONNECTION_REFUSED @ http://localhost:3007/:0
[  228868ms] [ERROR] Failed to load resource: net::ERR_CONNECTION_REFUSED @ http://localhost:3007/:0
[  229871ms] [ERROR] Failed to load resource: net::ERR_CONNECTION_REFUSED @ http://localhost:3007/:0
[  230875ms] [ERROR] Failed to load resource: net::ERR_CONNECTION_REFUSED @ http://localhost:3007/:0
[  231879ms] [ERROR] Failed to load resource: net::ERR_CONNECTION_REFUSED @ http://localhost:3007/:0
[  232882ms] [ERROR] Failed to load resource: net::ERR_CONNECTION_REFUSED @ http://localhost:3007/:0
[  233885ms] [ERROR] Failed to load resource: net::ERR_CONNECTION_REFUSED @ http://localhost:3007/:0
[  234888ms] [ERROR] Failed to load resource: net::ERR_CONNECTION_REFUSED @ http://localhost:3007/:0
[  235891ms] [ERROR] Failed to load resource: net::ERR_CONNECTION_REFUSED @ http://localhost:3007/:0
[  236895ms] [ERROR] Failed to load resource: net::ERR_CONNECTION_REFUSED @ http://localhost:3007/:0
[  237899ms] [ERROR] Failed to load resource: net::ERR_CONNECTION_REFUSED @ http://localhost:3007/:0
[  238902ms] [ERROR] Failed to load resource: net::ERR_CONNECTION_REFUSED @ http://localhost:3007/:0
[  239905ms] [ERROR] Failed to load resource: net::ERR_CONNECTION_REFUSED @ http://localhost:3007/:0
[  240908ms] [ERROR] Failed to load resource: net::ERR_CONNECTION_REFUSED @ http://localhost:3007/:0
[  241912ms] [ERROR] Failed to load resource: net::ERR_CONNECTION_REFUSED @ http://localhost:3007/:0
[  242915ms] [ERROR] Failed to load resource: net::ERR_CONNECTION_REFUSED @ http://localhost:3007/:0
[  243917ms] [ERROR] Failed to load resource: net::ERR_CONNECTION_REFUSED @ http://localhost:3007/:0
[  244920ms] [ERROR] Failed to load resource: net::ERR_CONNECTION_REFUSED @ http://localhost:3007/:0
[  245923ms] [ERROR] Failed to load resource: net::ERR_CONNECTION_REFUSED @ http://localhost:3007/:0
[  246926ms] [ERROR] Failed to load resource: net::ERR_CONNECTION_REFUSED @ http://localhost:3007/:0
[  247929ms] [ERROR] Failed to load resource: net::ERR_CONNECTION_REFUSED @ http://localhost:3007/:0
[  248932ms] [ERROR] Failed to load resource: net::ERR_CONNECTION_REFUSED @ http://localhost:3007/:0
[  249935ms] [ERROR] Failed to load resource: net::ERR_CONNECTION_REFUSED @ http://localhost:3007/:0
[  250938ms] [ERROR] Failed to load resource: net::ERR_CONNECTION_REFUSED @ http://localhost:3007/:0
[  251941ms] [ERROR] Failed to load resource: net::ERR_CONNECTION_REFUSED @ http://localhost:3007/:0
[  252944ms] [ERROR] Failed to load resource: net::ERR_CONNECTION_REFUSED @ http://localhost:3007/:0
[  253947ms] [ERROR] Failed to load resource: net::ERR_CONNECTION_REFUSED @ http://localhost:3007/:0
[  254950ms] [ERROR] Failed to load resource: net::ERR_CONNECTION_REFUSED @ http://localhost:3007/:0
[  255953ms] [ERROR] Failed to load resource: net::ERR_CONNECTION_REFUSED @ http://localhost:3007/:0
[  256956ms] [ERROR] Failed to load resource: net::ERR_CONNECTION_REFUSED @ http://localhost:3007/:0
[  257958ms] [ERROR] Failed to load resource: net::ERR_CONNECTION_REFUSED @ http://localhost:3007/:0
[  258962ms] [ERROR] Failed to load resource: net::ERR_CONNECTION_REFUSED @ http://localhost:3007/:0
[  259965ms] [ERROR] Failed to load resource: net::ERR_CONNECTION_REFUSED @ http://localhost:3007/:0
[  260968ms] [ERROR] Failed to load resource: net::ERR_CONNECTION_REFUSED @ http://localhost:3007/:0
[  261971ms] [ERROR] Failed to load resource: net::ERR_CONNECTION_REFUSED @ http://localhost:3007/:0
[  262974ms] [ERROR] Failed to load resource: net::ERR_CONNECTION_REFUSED @ http://localhost:3007/:0
[  263978ms] [ERROR] Failed to load resource: net::ERR_CONNECTION_REFUSED @ http://localhost:3007/:0
[  264981ms] [ERROR] Failed to load resource: net::ERR_CONNECTION_REFUSED @ http://localhost:3007/:0
[  265985ms] [ERROR] Failed to load resource: net::ERR_CONNECTION_REFUSED @ http://localhost:3007/:0
[  266988ms] [ERROR] Failed to load resource: net::ERR_CONNECTION_REFUSED @ http://localhost:3007/:0
[  267991ms] [ERROR] Failed to load resource: net::ERR_CONNECTION_REFUSED @ http://localhost:3007/:0
[  268994ms] [ERROR] Failed to load resource: net::ERR_CONNECTION_REFUSED @ http://localhost:3007/:0
[  269997ms] [ERROR] Failed to load resource: net::ERR_CONNECTION_REFUSED @ http://localhost:3007/:0
[  271000ms] [ERROR] Failed to load resource: net::ERR_CONNECTION_REFUSED @ http://localhost:3007/:0
[  272003ms] [ERROR] Failed to load resource: net::ERR_CONNECTION_REFUSED @ http://localhost:3007/:0
[  273007ms] [ERROR] Failed to load resource: net::ERR_CONNECTION_REFUSED @ http://localhost:3007/:0
[  274010ms] [ERROR] Failed to load resource: net::ERR_CONNECTION_REFUSED @ http://localhost:3007/:0
[  275013ms] [ERROR] Failed to load resource: net::ERR_CONNECTION_REFUSED @ http://localhost:3007/:0
[  276016ms] [ERROR] Failed to load resource: net::ERR_CONNECTION_REFUSED @ http://localhost:3007/:0
[  277019ms] [ERROR] Failed to load resource: net::ERR_CONNECTION_REFUSED @ http://localhost:3007/:0
[  278022ms] [ERROR] Failed to load resource: net::ERR_CONNECTION_REFUSED @ http://localhost:3007/:0
[  279025ms] [ERROR] Failed to load resource: net::ERR_CONNECTION_REFUSED @ http://localhost:3007/:0
[  280029ms] [ERROR] Failed to load resource: net::ERR_CONNECTION_REFUSED @ http://localhost:3007/:0
[  281032ms] [ERROR] Failed to load resource: net::ERR_CONNECTION_REFUSED @ http://localhost:3007/:0
[  282035ms] [ERROR] Failed to load resource: net::ERR_CONNECTION_REFUSED @ http://localhost:3007/:0
[  283039ms] [ERROR] Failed to load resource: net::ERR_CONNECTION_REFUSED @ http://localhost:3007/:0
[  284042ms] [ERROR] Failed to load resource: net::ERR_CONNECTION_REFUSED @ http://localhost:3007/:0
[  285045ms] [ERROR] Failed to load resource: net::ERR_CONNECTION_REFUSED @ http://localhost:3007/:0
[  286048ms] [ERROR] Failed to load resource: net::ERR_CONNECTION_REFUSED @ http://localhost:3007/:0
[  287051ms] [ERROR] Failed to load resource: net::ERR_CONNECTION_REFUSED @ http://localhost:3007/:0
[  288054ms] [ERROR] Failed to load resource: net::ERR_CONNECTION_REFUSED @ http://localhost:3007/:0
[  289058ms] [ERROR] Failed to load resource: net::ERR_CONNECTION_REFUSED @ http://localhost:3007/:0
[  290062ms] [ERROR] Failed to load resource: net::ERR_CONNECTION_REFUSED @ http://localhost:3007/:0
[  291065ms] [ERROR] Failed to load resource: net::ERR_CONNECTION_REFUSED @ http://localhost:3007/:0
[  292068ms] [ERROR] Failed to load resource: net::ERR_CONNECTION_REFUSED @ http://localhost:3007/:0
[  293072ms] [ERROR] Failed to load resource: net::ERR_CONNECTION_REFUSED @ http://localhost:3007/:0
[  294075ms] [ERROR] Failed to load resource: net::ERR_CONNECTION_REFUSED @ http://localhost:3007/:0
[  295077ms] [ERROR] Failed to load resource: net::ERR_CONNECTION_REFUSED @ http://localhost:3007/:0
[  296080ms] [ERROR] Failed to load resource: net::ERR_CONNECTION_REFUSED @ http://localhost:3007/:0
[  297083ms] [ERROR] Failed to load resource: net::ERR_CONNECTION_REFUSED @ http://localhost:3007/:0
[  298086ms] [ERROR] Failed to load resource: net::ERR_CONNECTION_REFUSED @ http://localhost:3007/:0
[  299090ms] [ERROR] Failed to load resource: net::ERR_CONNECTION_REFUSED @ http://localhost:3007/:0
[  300093ms] [ERROR] Failed to load resource: net::ERR_CONNECTION_REFUSED @ http://localhost:3007/:0
[  301096ms] [ERROR] Failed to load resource: net::ERR_CONNECTION_REFUSED @ http://localhost:3007/:0
[  302100ms] [ERROR] Failed to load resource: net::ERR_CONNECTION_REFUSED @ http://localhost:3007/:0
[  303102ms] [ERROR] Failed to load resource: net::ERR_CONNECTION_REFUSED @ http://localhost:3007/:0
[  304106ms] [ERROR] Failed to load resource: net::ERR_CONNECTION_REFUSED @ http://localhost:3007/:0
[  305109ms] [ERROR] Failed to load resource: net::ERR_CONNECTION_REFUSED @ http://localhost:3007/:0
[  306113ms] [ERROR] Failed to load resource: net::ERR_CONNECTION_REFUSED @ http://localhost:3007/:0
[  307116ms] [ERROR] Failed to load resource: net::ERR_CONNECTION_REFUSED @ http://localhost:3007/:0
[  308120ms] [ERROR] Failed to load resource: net::ERR_CONNECTION_REFUSED @ http://localhost:3007/:0
[  309124ms] [ERROR] Failed to load resource: net::ERR_CONNECTION_REFUSED @ http://localhost:3007/:0
[  310128ms] [ERROR] Failed to load resource: net::ERR_CONNECTION_REFUSED @ http://localhost:3007/:0
[  311131ms] [ERROR] Failed to load resource: net::ERR_CONNECTION_REFUSED @ http://localhost:3007/:0
[  312134ms] [ERROR] Failed to load resource: net::ERR_CONNECTION_REFUSED @ http://localhost:3007/:0
[  313138ms] [ERROR] Failed to load resource: net::ERR_CONNECTION_REFUSED @ http://localhost:3007/:0
[  314141ms] [ERROR] Failed to load resource: net::ERR_CONNECTION_REFUSED @ http://localhost:3007/:0
[  315146ms] [ERROR] Failed to load resource: net::ERR_CONNECTION_REFUSED @ http://localhost:3007/:0
[  316149ms] [ERROR] Failed to load resource: net::ERR_CONNECTION_REFUSED @ http://localhost:3007/:0
[  317152ms] [ERROR] Failed to load resource: net::ERR_CONNECTION_REFUSED @ http://localhost:3007/:0
[  318156ms] [ERROR] Failed to load resource: net::ERR_CONNECTION_REFUSED @ http://localhost:3007/:0
[  319162ms] [ERROR] Failed to load resource: net::ERR_CONNECTION_REFUSED @ http://localhost:3007/:0
[  320168ms] [ERROR] Failed to load resource: net::ERR_CONNECTION_REFUSED @ http://localhost:3007/:0
[  321171ms] [ERROR] Failed to load resource: net::ERR_CONNECTION_REFUSED @ http://localhost:3007/:0
[  322175ms] [ERROR] Failed to load resource: net::ERR_CONNECTION_REFUSED @ http://localhost:3007/:0
[  323179ms] [ERROR] Failed to load resource: net::ERR_CONNECTION_REFUSED @ http://localhost:3007/:0
[  324183ms] [ERROR] Failed to load resource: net::ERR_CONNECTION_REFUSED @ http://localhost:3007/:0
[  325186ms] [ERROR] Failed to load resource: net::ERR_CONNECTION_REFUSED @ http://localhost:3007/:0
[  326189ms] [ERROR] Failed to load resource: net::ERR_CONNECTION_REFUSED @ http://localhost:3007/:0
[  327194ms] [ERROR] Failed to load resource: net::ERR_CONNECTION_REFUSED @ http://localhost:3007/:0
[  328198ms] [ERROR] Failed to load resource: net::ERR_CONNECTION_REFUSED @ http://localhost:3007/:0
[  329200ms] [ERROR] Failed to load resource: net::ERR_CONNECTION_REFUSED @ http://localhost:3007/:0
[  330205ms] [ERROR] Failed to load resource: net::ERR_CONNECTION_REFUSED @ http://localhost:3007/:0
[  331209ms] [ERROR] Failed to load resource: net::ERR_CONNECTION_REFUSED @ http://localhost:3007/:0
[  332213ms] [ERROR] Failed to load resource: net::ERR_CONNECTION_REFUSED @ http://localhost:3007/:0
[  333218ms] [ERROR] Failed to load resource: net::ERR_CONNECTION_REFUSED @ http://localhost:3007/:0
[  334222ms] [ERROR] Failed to load resource: net::ERR_CONNECTION_REFUSED @ http://localhost:3007/:0
[  335228ms] [ERROR] Failed to load resource: net::ERR_CONNECTION_REFUSED @ http://localhost:3007/:0
[  336233ms] [ERROR] Failed to load resource: net::ERR_CONNECTION_REFUSED @ http://localhost:3007/:0
[  337237ms] [ERROR] Failed to load resource: net::ERR_CONNECTION_REFUSED @ http://localhost:3007/:0
[  338241ms] [ERROR] Failed to load resource: net::ERR_CONNECTION_REFUSED @ http://localhost:3007/:0
[  339245ms] [ERROR] Failed to load resource: net::ERR_CONNECTION_REFUSED @ http://localhost:3007/:0
[  340249ms] [ERROR] Failed to load resource: net::ERR_CONNECTION_REFUSED @ http://localhost:3007/:0
[  341253ms] [ERROR] Failed to load resource: net::ERR_CONNECTION_REFUSED @ http://localhost:3007/:0
[  342257ms] [ERROR] Failed to load resource: net::ERR_CONNECTION_REFUSED @ http://localhost:3007/:0
[  343261ms] [ERROR] Failed to load resource: net::ERR_CONNECTION_REFUSED @ http://localhost:3007/:0
[  344265ms] [ERROR] Failed to load resource: net::ERR_CONNECTION_REFUSED @ http://localhost:3007/:0
[  345270ms] [ERROR] Failed to load resource: net::ERR_CONNECTION_REFUSED @ http://localhost:3007/:0
[  346273ms] [ERROR] Failed to load resource: net::ERR_CONNECTION_REFUSED @ http://localhost:3007/:0
[  347276ms] [ERROR] Failed to load resource: net::ERR_CONNECTION_REFUSED @ http://localhost:3007/:0
[  348280ms] [ERROR] Failed to load resource: net::ERR_CONNECTION_REFUSED @ http://localhost:3007/:0
[  349284ms] [ERROR] Failed to load resource: net::ERR_CONNECTION_REFUSED @ http://localhost:3007/:0
[  350288ms] [ERROR] Failed to load resource: net::ERR_CONNECTION_REFUSED @ http://localhost:3007/:0
[  351291ms] [ERROR] Failed to load resource: net::ERR_CONNECTION_REFUSED @ http://localhost:3007/:0
[  352295ms] [ERROR] Failed to load resource: net::ERR_CONNECTION_REFUSED @ http://localhost:3007/:0
[  353299ms] [ERROR] Failed to load resource: net::ERR_CONNECTION_REFUSED @ http://localhost:3007/:0
[  354303ms] [ERROR] Failed to load resource: net::ERR_CONNECTION_REFUSED @ http://localhost:3007/:0
[  355309ms] [ERROR] Failed to load resource: net::ERR_CONNECTION_REFUSED @ http://localhost:3007/:0
[  356316ms] [ERROR] Failed to load resource: net::ERR_CONNECTION_REFUSED @ http://localhost:3007/:0
[  357319ms] [ERROR] Failed to load resource: net::ERR_CONNECTION_REFUSED @ http://localhost:3007/:0
[  358759ms] [ERROR] Failed to load resource: net::ERR_CONNECTION_REFUSED @ http://localhost:3007/:0
[  359763ms] [ERROR] Failed to load resource: net::ERR_CONNECTION_REFUSED @ http://localhost:3007/:0
[  360765ms] [ERROR] Failed to load resource: net::ERR_CONNECTION_REFUSED @ http://localhost:3007/:0
[  361769ms] [ERROR] Failed to load resource: net::ERR_CONNECTION_REFUSED @ http://localhost:3007/:0
[  362773ms] [ERROR] Failed to load resource: net::ERR_CONNECTION_REFUSED @ http://localhost:3007/:0
[  363776ms] [ERROR] Failed to load resource: net::ERR_CONNECTION_REFUSED @ http://localhost:3007/:0
[  364779ms] [ERROR] Failed to load resource: net::ERR_CONNECTION_REFUSED @ http://localhost:3007/:0
[  365783ms] [ERROR] Failed to load resource: net::ERR_CONNECTION_REFUSED @ http://localhost:3007/:0
[  377354ms] [INFO] %cDownload the React DevTools for a better development experience: https://reactjs.org/link/react-devtools font-weight:bold @ http://localhost:3007/node_modules/.vite/deps/chunk-RPCDYKBN.js?v=793077d2:21550
[  377617ms] [WARNING] ⚠️ React Router Future Flag Warning: React Router will begin wrapping state updates in `React.startTransition` in v7. You can use the `v7_startTransition` future flag to opt-in early. For more information, see https://reactrouter.com/v6/upgrading/future#v7_starttransition. @ http://localhost:3007/node_modules/.vite/deps/react-router-dom.js?v=844bdbd4:4426
[  377618ms] [WARNING] ⚠️ React Router Future Flag Warning: Relative route resolution within Splat routes is changing in v7. You can use the `v7_relativeSplatPath` future flag to opt-in early. For more information, see https://reactrouter.com/v6/upgrading/future#v7_relativesplatpath. @ http://localhost:3007/node_modules/.vite/deps/react-router-dom.js?v=844bdbd4:4426
[  378831ms] [LOG] 需要获取用户信息 @ http://localhost:3007/src/contexts/AuthContext.tsx:36
[  378835ms] [LOG] 需要获取用户信息 @ http://localhost:3007/src/contexts/AuthContext.tsx:36
[  404982ms] [INFO] %cDownload the React DevTools for a better development experience: https://reactjs.org/link/react-devtools font-weight:bold @ http://localhost:3007/node_modules/.vite/deps/chunk-RPCDYKBN.js?v=793077d2:21550
[  405202ms] [WARNING] ⚠️ React Router Future Flag Warning: React Router will begin wrapping state updates in `React.startTransition` in v7. You can use the `v7_startTransition` future flag to opt-in early. For more information, see https://reactrouter.com/v6/upgrading/future#v7_starttransition. @ http://localhost:3007/node_modules/.vite/deps/react-router-dom.js?v=844bdbd4:4426
[  405202ms] [WARNING] ⚠️ React Router Future Flag Warning: Relative route resolution within Splat routes is changing in v7. You can use the `v7_relativeSplatPath` future flag to opt-in early. For more information, see https://reactrouter.com/v6/upgrading/future#v7_relativesplatpath. @ http://localhost:3007/node_modules/.vite/deps/react-router-dom.js?v=844bdbd4:4426
[  406340ms] [LOG] 需要获取用户信息 @ http://localhost:3007/src/contexts/AuthContext.tsx:36
[  406343ms] [LOG] 需要获取用户信息 @ http://localhost:3007/src/contexts/AuthContext.tsx:36
[  409607ms] [INFO] %cDownload the React DevTools for a better development experience: https://reactjs.org/link/react-devtools font-weight:bold @ http://localhost:3007/node_modules/.vite/deps/chunk-RPCDYKBN.js?v=793077d2:21550
[  409685ms] [WARNING] ⚠️ React Router Future Flag Warning: React Router will begin wrapping state updates in `React.startTransition` in v7. You can use the `v7_startTransition` future flag to opt-in early. For more information, see https://reactrouter.com/v6/upgrading/future#v7_starttransition. @ http://localhost:3007/node_modules/.vite/deps/react-router-dom.js?v=844bdbd4:4426
[  409685ms] [WARNING] ⚠️ React Router Future Flag Warning: Relative route resolution within Splat routes is changing in v7. You can use the `v7_relativeSplatPath` future flag to opt-in early. For more information, see https://reactrouter.com/v6/upgrading/future#v7_relativesplatpath. @ http://localhost:3007/node_modules/.vite/deps/react-router-dom.js?v=844bdbd4:4426
[  410894ms] [VERBOSE] [DOM] Input elements should have autocomplete attributes (suggested: "current-password"): (More info: https://goo.gl/9p2vKq) %o @ http://localhost:3007/login:0
[  416448ms] [ERROR] Warning: [antd: message] Static function can not consume context like dynamic theme. Please use 'App' component instead. @ http://localhost:3007/node_modules/.vite/deps/antd.js?v=e9049144:853
[  430253ms] [INFO] %cDownload the React DevTools for a better development experience: https://reactjs.org/link/react-devtools font-weight:bold @ http://localhost:3007/node_modules/.vite/deps/chunk-RPCDYKBN.js?v=793077d2:21550
[  430350ms] [WARNING] ⚠️ React Router Future Flag Warning: React Router will begin wrapping state updates in `React.startTransition` in v7. You can use the `v7_startTransition` future flag to opt-in early. For more information, see https://reactrouter.com/v6/upgrading/future#v7_starttransition. @ http://localhost:3007/node_modules/.vite/deps/react-router-dom.js?v=844bdbd4:4426
[  430351ms] [WARNING] ⚠️ React Router Future Flag Warning: Relative route resolution within Splat routes is changing in v7. You can use the `v7_relativeSplatPath` future flag to opt-in early. For more information, see https://reactrouter.com/v6/upgrading/future#v7_relativesplatpath. @ http://localhost:3007/node_modules/.vite/deps/react-router-dom.js?v=844bdbd4:4426
[  431450ms] [LOG] 需要获取用户信息 @ http://localhost:3007/src/contexts/AuthContext.tsx:36
[  431451ms] [LOG] 需要获取用户信息 @ http://localhost:3007/src/contexts/AuthContext.tsx:36
[  748579ms] [INFO] %cDownload the React DevTools for a better development experience: https://reactjs.org/link/react-devtools font-weight:bold @ http://localhost:3007/node_modules/.vite/deps/chunk-RPCDYKBN.js?v=793077d2:21550
[  748760ms] [WARNING] ⚠️ React Router Future Flag Warning: React Router will begin wrapping state updates in `React.startTransition` in v7. You can use the `v7_startTransition` future flag to opt-in early. For more information, see https://reactrouter.com/v6/upgrading/future#v7_starttransition. @ http://localhost:3007/node_modules/.vite/deps/react-router-dom.js?v=844bdbd4:4426
[  748760ms] [WARNING] ⚠️ React Router Future Flag Warning: Relative route resolution within Splat routes is changing in v7. You can use the `v7_relativeSplatPath` future flag to opt-in early. For more information, see https://reactrouter.com/v6/upgrading/future#v7_relativesplatpath. @ http://localhost:3007/node_modules/.vite/deps/react-router-dom.js?v=844bdbd4:4426
[  749893ms] [LOG] 需要获取用户信息 @ http://localhost:3007/src/contexts/AuthContext.tsx:36
[  749895ms] [LOG] 需要获取用户信息 @ http://localhost:3007/src/contexts/AuthContext.tsx:36
[  781347ms] [INFO] %cDownload the React DevTools for a better development experience: https://reactjs.org/link/react-devtools font-weight:bold @ http://localhost:3007/node_modules/.vite/deps/chunk-RPCDYKBN.js?v=793077d2:21550
[  781445ms] [WARNING] ⚠️ React Router Future Flag Warning: React Router will begin wrapping state updates in `React.startTransition` in v7. You can use the `v7_startTransition` future flag to opt-in early. For more information, see https://reactrouter.com/v6/upgrading/future#v7_starttransition. @ http://localhost:3007/node_modules/.vite/deps/react-router-dom.js?v=844bdbd4:4426
[  781446ms] [WARNING] ⚠️ React Router Future Flag Warning: Relative route resolution within Splat routes is changing in v7. You can use the `v7_relativeSplatPath` future flag to opt-in early. For more information, see https://reactrouter.com/v6/upgrading/future#v7_relativesplatpath. @ http://localhost:3007/node_modules/.vite/deps/react-router-dom.js?v=844bdbd4:4426
[  782588ms] [LOG] 需要获取用户信息 @ http://localhost:3007/src/contexts/AuthContext.tsx:36
[  782591ms] [LOG] 需要获取用户信息 @ http://localhost:3007/src/contexts/AuthContext.tsx:36
[  893363ms] [INFO] %cDownload the React DevTools for a better development experience: https://reactjs.org/link/react-devtools font-weight:bold @ http://localhost:3007/node_modules/.vite/deps/chunk-RPCDYKBN.js?v=793077d2:21550
[  893459ms] [WARNING] ⚠️ React Router Future Flag Warning: React Router will begin wrapping state updates in `React.startTransition` in v7. You can use the `v7_startTransition` future flag to opt-in early. For more information, see https://reactrouter.com/v6/upgrading/future#v7_starttransition. @ http://localhost:3007/node_modules/.vite/deps/react-router-dom.js?v=844bdbd4:4426
[  893460ms] [WARNING] ⚠️ React Router Future Flag Warning: Relative route resolution within Splat routes is changing in v7. You can use the `v7_relativeSplatPath` future flag to opt-in early. For more information, see https://reactrouter.com/v6/upgrading/future#v7_relativesplatpath. @ http://localhost:3007/node_modules/.vite/deps/react-router-dom.js?v=844bdbd4:4426
[  896994ms] [LOG] 需要获取用户信息 @ http://localhost:3007/src/contexts/AuthContext.tsx:36
[  897844ms] [LOG] 需要获取用户信息 @ http://localhost:3007/src/contexts/AuthContext.tsx:36
[  914096ms] [INFO] %cDownload the React DevTools for a better development experience: https://reactjs.org/link/react-devtools font-weight:bold @ http://localhost:3007/node_modules/.vite/deps/chunk-RPCDYKBN.js?v=793077d2:21550
[  914194ms] [WARNING] ⚠️ React Router Future Flag Warning: React Router will begin wrapping state updates in `React.startTransition` in v7. You can use the `v7_startTransition` future flag to opt-in early. For more information, see https://reactrouter.com/v6/upgrading/future#v7_starttransition. @ http://localhost:3007/node_modules/.vite/deps/react-router-dom.js?v=844bdbd4:4426
[  914194ms] [WARNING] ⚠️ React Router Future Flag Warning: Relative route resolution within Splat routes is changing in v7. You can use the `v7_relativeSplatPath` future flag to opt-in early. For more information, see https://reactrouter.com/v6/upgrading/future#v7_relativesplatpath. @ http://localhost:3007/node_modules/.vite/deps/react-router-dom.js?v=844bdbd4:4426
[  915427ms] [VERBOSE] [DOM] Input elements should have autocomplete attributes (suggested: "current-password"): (More info: https://goo.gl/9p2vKq) %o @ http://localhost:3007/login:0
[  917661ms] [ERROR] Warning: [antd: message] Static function can not consume context like dynamic theme. Please use 'App' component instead. @ http://localhost:3007/node_modules/.vite/deps/antd.js?v=e9049144:853
[ 1115956ms] [INFO] %cDownload the React DevTools for a better development experience: https://reactjs.org/link/react-devtools font-weight:bold @ http://localhost:3007/node_modules/.vite/deps/chunk-RPCDYKBN.js?v=793077d2:21550
[ 1116056ms] [WARNING] ⚠️ React Router Future Flag Warning: React Router will begin wrapping state updates in `React.startTransition` in v7. You can use the `v7_startTransition` future flag to opt-in early. For more information, see https://reactrouter.com/v6/upgrading/future#v7_starttransition. @ http://localhost:3007/node_modules/.vite/deps/react-router-dom.js?v=844bdbd4:4426
[ 1116057ms] [WARNING] ⚠️ React Router Future Flag Warning: Relative route resolution within Splat routes is changing in v7. You can use the `v7_relativeSplatPath` future flag to opt-in early. For more information, see https://reactrouter.com/v6/upgrading/future#v7_relativesplatpath. @ http://localhost:3007/node_modules/.vite/deps/react-router-dom.js?v=844bdbd4:4426
[ 1117303ms] [VERBOSE] [DOM] Input elements should have autocomplete attributes (suggested: "current-password"): (More info: https://goo.gl/9p2vKq) %o @ http://localhost:3007/login:0
[ 1119541ms] [ERROR] Warning: [antd: message] Static function can not consume context like dynamic theme. Please use 'App' component instead. @ http://localhost:3007/node_modules/.vite/deps/antd.js?v=e9049144:853
[ 1129587ms] [LOG] [vite] server connection lost. Polling for restart... @ http://localhost:3007/@vite/client:559
[ 1129590ms] [ERROR] Failed to load resource: net::ERR_CONNECTION_REFUSED @ http://localhost:3007/:0
[ 1130594ms] [ERROR] Failed to load resource: net::ERR_CONNECTION_REFUSED @ http://localhost:3007/:0
[ 1131598ms] [ERROR] Failed to load resource: net::ERR_CONNECTION_REFUSED @ http://localhost:3007/:0
[ 1132601ms] [ERROR] Failed to load resource: net::ERR_CONNECTION_REFUSED @ http://localhost:3007/:0
[ 1133604ms] [ERROR] Failed to load resource: net::ERR_CONNECTION_REFUSED @ http://localhost:3007/:0
[ 1134607ms] [ERROR] Failed to load resource: net::ERR_CONNECTION_REFUSED @ http://localhost:3007/:0
[ 1135611ms] [ERROR] Failed to load resource: net::ERR_CONNECTION_REFUSED @ http://localhost:3007/:0
[ 1136615ms] [ERROR] Failed to load resource: net::ERR_CONNECTION_REFUSED @ http://localhost:3007/:0
[ 1137619ms] [ERROR] Failed to load resource: net::ERR_CONNECTION_REFUSED @ http://localhost:3007/:0
[ 1138622ms] [ERROR] Failed to load resource: net::ERR_CONNECTION_REFUSED @ http://localhost:3007/:0
[ 1139626ms] [ERROR] Failed to load resource: net::ERR_CONNECTION_REFUSED @ http://localhost:3007/:0
[ 1140629ms] [ERROR] Failed to load resource: net::ERR_CONNECTION_REFUSED @ http://localhost:3007/:0
[ 1141631ms] [ERROR] Failed to load resource: net::ERR_CONNECTION_REFUSED @ http://localhost:3007/:0
[ 1142634ms] [ERROR] Failed to load resource: net::ERR_CONNECTION_REFUSED @ http://localhost:3007/:0
[ 1143637ms] [ERROR] Failed to load resource: net::ERR_CONNECTION_REFUSED @ http://localhost:3007/:0
[ 1144640ms] [ERROR] Failed to load resource: net::ERR_CONNECTION_REFUSED @ http://localhost:3007/:0
[ 1145643ms] [ERROR] Failed to load resource: net::ERR_CONNECTION_REFUSED @ http://localhost:3007/:0
[ 1146647ms] [ERROR] Failed to load resource: net::ERR_CONNECTION_REFUSED @ http://localhost:3007/:0
[ 1147649ms] [ERROR] Failed to load resource: net::ERR_CONNECTION_REFUSED @ http://localhost:3007/:0
[ 1148652ms] [ERROR] Failed to load resource: net::ERR_CONNECTION_REFUSED @ http://localhost:3007/:0
[ 1149656ms] [ERROR] Failed to load resource: net::ERR_CONNECTION_REFUSED @ http://localhost:3007/:0
[ 1150659ms] [ERROR] Failed to load resource: net::ERR_CONNECTION_REFUSED @ http://localhost:3007/:0
[ 1151664ms] [ERROR] Failed to load resource: net::ERR_CONNECTION_REFUSED @ http://localhost:3007/:0
[ 1152666ms] [ERROR] Failed to load resource: net::ERR_CONNECTION_REFUSED @ http://localhost:3007/:0
[ 1153669ms] [ERROR] Failed to load resource: net::ERR_CONNECTION_REFUSED @ http://localhost:3007/:0
[ 1154672ms] [ERROR] Failed to load resource: net::ERR_CONNECTION_REFUSED @ http://localhost:3007/:0
[ 1155676ms] [ERROR] Failed to load resource: net::ERR_CONNECTION_REFUSED @ http://localhost:3007/:0
[ 1156679ms] [ERROR] Failed to load resource: net::ERR_CONNECTION_REFUSED @ http://localhost:3007/:0
[ 1157682ms] [ERROR] Failed to load resource: net::ERR_CONNECTION_REFUSED @ http://localhost:3007/:0
[ 1158685ms] [ERROR] Failed to load resource: net::ERR_CONNECTION_REFUSED @ http://localhost:3007/:0
[ 1159688ms] [ERROR] Failed to load resource: net::ERR_CONNECTION_REFUSED @ http://localhost:3007/:0
[ 1160691ms] [ERROR] Failed to load resource: net::ERR_CONNECTION_REFUSED @ http://localhost:3007/:0
[ 1161694ms] [ERROR] Failed to load resource: net::ERR_CONNECTION_REFUSED @ http://localhost:3007/:0
[ 1162697ms] [ERROR] Failed to load resource: net::ERR_CONNECTION_REFUSED @ http://localhost:3007/:0
[ 1163700ms] [ERROR] Failed to load resource: net::ERR_CONNECTION_REFUSED @ http://localhost:3007/:0
[ 1164703ms] [ERROR] Failed to load resource: net::ERR_CONNECTION_REFUSED @ http://localhost:3007/:0
[ 1165706ms] [ERROR] Failed to load resource: net::ERR_CONNECTION_REFUSED @ http://localhost:3007/:0
[ 1166709ms] [ERROR] Failed to load resource: net::ERR_CONNECTION_REFUSED @ http://localhost:3007/:0
[ 1167712ms] [ERROR] Failed to load resource: net::ERR_CONNECTION_REFUSED @ http://localhost:3007/:0
[ 1168715ms] [ERROR] Failed to load resource: net::ERR_CONNECTION_REFUSED @ http://localhost:3007/:0
[ 1169718ms] [ERROR] Failed to load resource: net::ERR_CONNECTION_REFUSED @ http://localhost:3007/:0
[ 1170721ms] [ERROR] Failed to load resource: net::ERR_CONNECTION_REFUSED @ http://localhost:3007/:0
[ 1171724ms] [ERROR] Failed to load resource: net::ERR_CONNECTION_REFUSED @ http://localhost:3007/:0
[ 1172727ms] [ERROR] Failed to load resource: net::ERR_CONNECTION_REFUSED @ http://localhost:3007/:0
[ 1173730ms] [ERROR] Failed to load resource: net::ERR_CONNECTION_REFUSED @ http://localhost:3007/:0
[ 1174733ms] [ERROR] Failed to load resource: net::ERR_CONNECTION_REFUSED @ http://localhost:3007/:0
[ 1175736ms] [ERROR] Failed to load resource: net::ERR_CONNECTION_REFUSED @ http://localhost:3007/:0
[ 1176739ms] [ERROR] Failed to load resource: net::ERR_CONNECTION_REFUSED @ http://localhost:3007/:0
[ 1177742ms] [ERROR] Failed to load resource: net::ERR_CONNECTION_REFUSED @ http://localhost:3007/:0
[ 1178747ms] [ERROR] Failed to load resource: net::ERR_CONNECTION_REFUSED @ http://localhost:3007/:0
[ 1179750ms] [ERROR] Failed to load resource: net::ERR_CONNECTION_REFUSED @ http://localhost:3007/:0
[ 1180753ms] [ERROR] Failed to load resource: net::ERR_CONNECTION_REFUSED @ http://localhost:3007/:0
[ 1181757ms] [ERROR] Failed to load resource: net::ERR_CONNECTION_REFUSED @ http://localhost:3007/:0
[ 1182760ms] [ERROR] Failed to load resource: net::ERR_CONNECTION_REFUSED @ http://localhost:3007/:0
[ 1183763ms] [ERROR] Failed to load resource: net::ERR_CONNECTION_REFUSED @ http://localhost:3007/:0
[ 1184767ms] [ERROR] Failed to load resource: net::ERR_CONNECTION_REFUSED @ http://localhost:3007/:0
[ 1185770ms] [ERROR] Failed to load resource: net::ERR_CONNECTION_REFUSED @ http://localhost:3007/:0
[ 1186773ms] [ERROR] Failed to load resource: net::ERR_CONNECTION_REFUSED @ http://localhost:3007/:0
[ 1187776ms] [ERROR] Failed to load resource: net::ERR_CONNECTION_REFUSED @ http://localhost:3007/:0
[ 1188779ms] [ERROR] Failed to load resource: net::ERR_CONNECTION_REFUSED @ http://localhost:3007/:0
[ 1189782ms] [ERROR] Failed to load resource: net::ERR_CONNECTION_REFUSED @ http://localhost:3007/:0
[ 1190785ms] [ERROR] Failed to load resource: net::ERR_CONNECTION_REFUSED @ http://localhost:3007/:0
[ 1191788ms] [ERROR] Failed to load resource: net::ERR_CONNECTION_REFUSED @ http://localhost:3007/:0
[ 1192791ms] [ERROR] Failed to load resource: net::ERR_CONNECTION_REFUSED @ http://localhost:3007/:0
[ 1193794ms] [ERROR] Failed to load resource: net::ERR_CONNECTION_REFUSED @ http://localhost:3007/:0
[ 1194798ms] [ERROR] Failed to load resource: net::ERR_CONNECTION_REFUSED @ http://localhost:3007/:0
[ 1195801ms] [ERROR] Failed to load resource: net::ERR_CONNECTION_REFUSED @ http://localhost:3007/:0
[ 1196804ms] [ERROR] Failed to load resource: net::ERR_CONNECTION_REFUSED @ http://localhost:3007/:0
[ 1197808ms] [ERROR] Failed to load resource: net::ERR_CONNECTION_REFUSED @ http://localhost:3007/:0
[ 1198812ms] [ERROR] Failed to load resource: net::ERR_CONNECTION_REFUSED @ http://localhost:3007/:0
[ 1199817ms] [ERROR] Failed to load resource: net::ERR_CONNECTION_REFUSED @ http://localhost:3007/:0
[ 1200820ms] [ERROR] Failed to load resource: net::ERR_CONNECTION_REFUSED @ http://localhost:3007/:0
[ 1201825ms] [ERROR] Failed to load resource: net::ERR_CONNECTION_REFUSED @ http://localhost:3007/:0
[ 1202828ms] [ERROR] Failed to load resource: net::ERR_CONNECTION_REFUSED @ http://localhost:3007/:0
[ 1203832ms] [ERROR] Failed to load resource: net::ERR_CONNECTION_REFUSED @ http://localhost:3007/:0
[ 1204836ms] [ERROR] Failed to load resource: net::ERR_CONNECTION_REFUSED @ http://localhost:3007/:0
[ 1205839ms] [ERROR] Failed to load resource: net::ERR_CONNECTION_REFUSED @ http://localhost:3007/:0
[ 1206843ms] [ERROR] Failed to load resource: net::ERR_CONNECTION_REFUSED @ http://localhost:3007/:0
[ 1207847ms] [ERROR] Failed to load resource: net::ERR_CONNECTION_REFUSED @ http://localhost:3007/:0
[ 1208850ms] [ERROR] Failed to load resource: net::ERR_CONNECTION_REFUSED @ http://localhost:3007/:0
[ 1209854ms] [ERROR] Failed to load resource: net::ERR_CONNECTION_REFUSED @ http://localhost:3007/:0
[ 1210856ms] [ERROR] Failed to load resource: net::ERR_CONNECTION_REFUSED @ http://localhost:3007/:0
[ 1211860ms] [ERROR] Failed to load resource: net::ERR_CONNECTION_REFUSED @ http://localhost:3007/:0
[ 1212865ms] [ERROR] Failed to load resource: net::ERR_CONNECTION_REFUSED @ http://localhost:3007/:0
[ 1213873ms] [ERROR] Failed to load resource: net::ERR_CONNECTION_REFUSED @ http://localhost:3007/:0
[ 1214877ms] [ERROR] Failed to load resource: net::ERR_CONNECTION_REFUSED @ http://localhost:3007/:0
[ 1215880ms] [ERROR] Failed to load resource: net::ERR_CONNECTION_REFUSED @ http://localhost:3007/:0
[ 1216884ms] [ERROR] Failed to load resource: net::ERR_CONNECTION_REFUSED @ http://localhost:3007/:0
[ 1217887ms] [ERROR] Failed to load resource: net::ERR_CONNECTION_REFUSED @ http://localhost:3007/:0
[ 1218890ms] [ERROR] Failed to load resource: net::ERR_CONNECTION_REFUSED @ http://localhost:3007/:0
[ 1219894ms] [ERROR] Failed to load resource: net::ERR_CONNECTION_REFUSED @ http://localhost:3007/:0
[ 1220897ms] [ERROR] Failed to load resource: net::ERR_CONNECTION_REFUSED @ http://localhost:3007/:0
[ 1221900ms] [ERROR] Failed to load resource: net::ERR_CONNECTION_REFUSED @ http://localhost:3007/:0
[ 1222903ms] [ERROR] Failed to load resource: net::ERR_CONNECTION_REFUSED @ http://localhost:3007/:0
[ 1223906ms] [ERROR] Failed to load resource: net::ERR_CONNECTION_REFUSED @ http://localhost:3007/:0
[ 1224909ms] [ERROR] Failed to load resource: net::ERR_CONNECTION_REFUSED @ http://localhost:3007/:0
[ 1225912ms] [ERROR] Failed to load resource: net::ERR_CONNECTION_REFUSED @ http://localhost:3007/:0
[ 1226915ms] [ERROR] Failed to load resource: net::ERR_CONNECTION_REFUSED @ http://localhost:3007/:0
[ 1227917ms] [ERROR] Failed to load resource: net::ERR_CONNECTION_REFUSED @ http://localhost:3007/:0
[ 1228920ms] [ERROR] Failed to load resource: net::ERR_CONNECTION_REFUSED @ http://localhost:3007/:0
[ 1229924ms] [ERROR] Failed to load resource: net::ERR_CONNECTION_REFUSED @ http://localhost:3007/:0
[ 1230927ms] [ERROR] Failed to load resource: net::ERR_CONNECTION_REFUSED @ http://localhost:3007/:0
[ 1231929ms] [ERROR] Failed to load resource: net::ERR_CONNECTION_REFUSED @ http://localhost:3007/:0
[ 1232932ms] [ERROR] Failed to load resource: net::ERR_CONNECTION_REFUSED @ http://localhost:3007/:0
[ 1233934ms] [ERROR] Failed to load resource: net::ERR_CONNECTION_REFUSED @ http://localhost:3007/:0
[ 1234939ms] [ERROR] Failed to load resource: net::ERR_CONNECTION_REFUSED @ http://localhost:3007/:0
[ 1235942ms] [ERROR] Failed to load resource: net::ERR_CONNECTION_REFUSED @ http://localhost:3007/:0
[ 1236945ms] [ERROR] Failed to load resource: net::ERR_CONNECTION_REFUSED @ http://localhost:3007/:0
[ 1237947ms] [ERROR] Failed to load resource: net::ERR_CONNECTION_REFUSED @ http://localhost:3007/:0
[ 1238951ms] [ERROR] Failed to load resource: net::ERR_CONNECTION_REFUSED @ http://localhost:3007/:0
[ 1239953ms] [ERROR] Failed to load resource: net::ERR_CONNECTION_REFUSED @ http://localhost:3007/:0
[ 1240956ms] [ERROR] Failed to load resource: net::ERR_CONNECTION_REFUSED @ http://localhost:3007/:0
[ 1241959ms] [ERROR] Failed to load resource: net::ERR_CONNECTION_REFUSED @ http://localhost:3007/:0
[ 1242963ms] [ERROR] Failed to load resource: net::ERR_CONNECTION_REFUSED @ http://localhost:3007/:0
[ 1243967ms] [ERROR] Failed to load resource: net::ERR_CONNECTION_REFUSED @ http://localhost:3007/:0
[ 1244971ms] [ERROR] Failed to load resource: net::ERR_CONNECTION_REFUSED @ http://localhost:3007/:0
[ 1245976ms] [ERROR] Failed to load resource: net::ERR_CONNECTION_REFUSED @ http://localhost:3007/:0
[ 1246980ms] [ERROR] Failed to load resource: net::ERR_CONNECTION_REFUSED @ http://localhost:3007/:0
[ 1247983ms] [ERROR] Failed to load resource: net::ERR_CONNECTION_REFUSED @ http://localhost:3007/:0
[ 1248987ms] [ERROR] Failed to load resource: net::ERR_CONNECTION_REFUSED @ http://localhost:3007/:0
[ 1249990ms] [ERROR] Failed to load resource: net::ERR_CONNECTION_REFUSED @ http://localhost:3007/:0
[ 1250995ms] [ERROR] Failed to load resource: net::ERR_CONNECTION_REFUSED @ http://localhost:3007/:0
[ 1252001ms] [ERROR] Failed to load resource: net::ERR_CONNECTION_REFUSED @ http://localhost:3007/:0
[ 1253014ms] [ERROR] Failed to load resource: net::ERR_CONNECTION_REFUSED @ http://localhost:3007/:0
[ 1254021ms] [ERROR] Failed to load resource: net::ERR_CONNECTION_REFUSED @ http://localhost:3007/:0
[ 1255043ms] [ERROR] Failed to load resource: net::ERR_CONNECTION_REFUSED @ http://localhost:3007/:0
[ 1256047ms] [ERROR] Failed to load resource: net::ERR_CONNECTION_REFUSED @ http://localhost:3007/:0
[ 1257054ms] [ERROR] Failed to load resource: net::ERR_CONNECTION_REFUSED @ http://localhost:3007/:0
[ 1258066ms] [ERROR] Failed to load resource: net::ERR_CONNECTION_REFUSED @ http://localhost:3007/:0
[ 1259069ms] [ERROR] Failed to load resource: net::ERR_CONNECTION_REFUSED @ http://localhost:3007/:0
[ 1260074ms] [ERROR] Failed to load resource: net::ERR_CONNECTION_REFUSED @ http://localhost:3007/:0
[ 1261084ms] [ERROR] Failed to load resource: net::ERR_CONNECTION_REFUSED @ http://localhost:3007/:0
[ 1262087ms] [ERROR] Failed to load resource: net::ERR_CONNECTION_REFUSED @ http://localhost:3007/:0
[ 1263094ms] [ERROR] Failed to load resource: net::ERR_CONNECTION_REFUSED @ http://localhost:3007/:0
[ 1264099ms] [ERROR] Failed to load resource: net::ERR_CONNECTION_REFUSED @ http://localhost:3007/:0
[ 1265106ms] [ERROR] Failed to load resource: net::ERR_CONNECTION_REFUSED @ http://localhost:3007/:0
[ 1266116ms] [ERROR] Failed to load resource: net::ERR_CONNECTION_REFUSED @ http://localhost:3007/:0
[ 1267121ms] [ERROR] Failed to load resource: net::ERR_CONNECTION_REFUSED @ http://localhost:3007/:0
[ 1268129ms] [ERROR] Failed to load resource: net::ERR_CONNECTION_REFUSED @ http://localhost:3007/:0
[ 1269133ms] [ERROR] Failed to load resource: net::ERR_CONNECTION_REFUSED @ http://localhost:3007/:0
[ 1270137ms] [ERROR] Failed to load resource: net::ERR_CONNECTION_REFUSED @ http://localhost:3007/:0
[ 1271143ms] [ERROR] Failed to load resource: net::ERR_CONNECTION_REFUSED @ http://localhost:3007/:0
[ 1272148ms] [ERROR] Failed to load resource: net::ERR_CONNECTION_REFUSED @ http://localhost:3007/:0
[ 1273153ms] [ERROR] Failed to load resource: net::ERR_CONNECTION_REFUSED @ http://localhost:3007/:0
[ 1274157ms] [ERROR] Failed to load resource: net::ERR_CONNECTION_REFUSED @ http://localhost:3007/:0
[ 1275163ms] [ERROR] Failed to load resource: net::ERR_CONNECTION_REFUSED @ http://localhost:3007/:0
[ 1276166ms] [ERROR] Failed to load resource: net::ERR_CONNECTION_REFUSED @ http://localhost:3007/:0
[ 1277170ms] [ERROR] Failed to load resource: net::ERR_CONNECTION_REFUSED @ http://localhost:3007/:0
[ 1278173ms] [ERROR] Failed to load resource: net::ERR_CONNECTION_REFUSED @ http://localhost:3007/:0
[ 1279177ms] [ERROR] Failed to load resource: net::ERR_CONNECTION_REFUSED @ http://localhost:3007/:0
[ 1280181ms] [ERROR] Failed to load resource: net::ERR_CONNECTION_REFUSED @ http://localhost:3007/:0
[ 1281186ms] [ERROR] Failed to load resource: net::ERR_CONNECTION_REFUSED @ http://localhost:3007/:0
[ 1282190ms] [ERROR] Failed to load resource: net::ERR_CONNECTION_REFUSED @ http://localhost:3007/:0
[ 1283198ms] [ERROR] Failed to load resource: net::ERR_CONNECTION_REFUSED @ http://localhost:3007/:0
[ 1284203ms] [ERROR] Failed to load resource: net::ERR_CONNECTION_REFUSED @ http://localhost:3007/:0
[ 1285207ms] [ERROR] Failed to load resource: net::ERR_CONNECTION_REFUSED @ http://localhost:3007/:0
[ 1286228ms] [ERROR] Failed to load resource: net::ERR_CONNECTION_REFUSED @ http://localhost:3007/:0
[ 1287234ms] [ERROR] Failed to load resource: net::ERR_CONNECTION_REFUSED @ http://localhost:3007/:0
[ 1288242ms] [ERROR] Failed to load resource: net::ERR_CONNECTION_REFUSED @ http://localhost:3007/:0
[ 1289248ms] [ERROR] Failed to load resource: net::ERR_CONNECTION_REFUSED @ http://localhost:3007/:0
[ 1290253ms] [ERROR] Failed to load resource: net::ERR_CONNECTION_REFUSED @ http://localhost:3007/:0
[ 1291259ms] [ERROR] Failed to load resource: net::ERR_CONNECTION_REFUSED @ http://localhost:3007/:0
[ 1292264ms] [ERROR] Failed to load resource: net::ERR_CONNECTION_REFUSED @ http://localhost:3007/:0
[ 1293273ms] [ERROR] Failed to load resource: net::ERR_CONNECTION_REFUSED @ http://localhost:3007/:0
[ 1294276ms] [ERROR] Failed to load resource: net::ERR_CONNECTION_REFUSED @ http://localhost:3007/:0
[ 1295290ms] [ERROR] Failed to load resource: net::ERR_CONNECTION_REFUSED @ http://localhost:3007/:0
[ 1296299ms] [ERROR] Failed to load resource: net::ERR_CONNECTION_REFUSED @ http://localhost:3007/:0
[ 1297304ms] [ERROR] Failed to load resource: net::ERR_CONNECTION_REFUSED @ http://localhost:3007/:0
[ 1298307ms] [ERROR] Failed to load resource: net::ERR_CONNECTION_REFUSED @ http://localhost:3007/:0
[ 1299312ms] [ERROR] Failed to load resource: net::ERR_CONNECTION_REFUSED @ http://localhost:3007/:0
[ 1300315ms] [ERROR] Failed to load resource: net::ERR_CONNECTION_REFUSED @ http://localhost:3007/:0
[ 1301319ms] [ERROR] Failed to load resource: net::ERR_CONNECTION_REFUSED @ http://localhost:3007/:0
[ 1302328ms] [ERROR] Failed to load resource: net::ERR_CONNECTION_REFUSED @ http://localhost:3007/:0
[ 1303332ms] [ERROR] Failed to load resource: net::ERR_CONNECTION_REFUSED @ http://localhost:3007/:0
[ 1304335ms] [ERROR] Failed to load resource: net::ERR_CONNECTION_REFUSED @ http://localhost:3007/:0
[ 1305341ms] [ERROR] Failed to load resource: net::ERR_CONNECTION_REFUSED @ http://localhost:3007/:0
[ 1306347ms] [ERROR] Failed to load resource: net::ERR_CONNECTION_REFUSED @ http://localhost:3007/:0
[ 1307351ms] [ERROR] Failed to load resource: net::ERR_CONNECTION_REFUSED @ http://localhost:3007/:0
[ 1308355ms] [ERROR] Failed to load resource: net::ERR_CONNECTION_REFUSED @ http://localhost:3007/:0
[ 1309358ms] [ERROR] Failed to load resource: net::ERR_CONNECTION_REFUSED @ http://localhost:3007/:0
[ 1310362ms] [ERROR] Failed to load resource: net::ERR_CONNECTION_REFUSED @ http://localhost:3007/:0
[ 1311367ms] [ERROR] Failed to load resource: net::ERR_CONNECTION_REFUSED @ http://localhost:3007/:0
[ 1312371ms] [ERROR] Failed to load resource: net::ERR_CONNECTION_REFUSED @ http://localhost:3007/:0
[ 1313375ms] [ERROR] Failed to load resource: net::ERR_CONNECTION_REFUSED @ http://localhost:3007/:0
[ 1314378ms] [ERROR] Failed to load resource: net::ERR_CONNECTION_REFUSED @ http://localhost:3007/:0
[ 1315382ms] [ERROR] Failed to load resource: net::ERR_CONNECTION_REFUSED @ http://localhost:3007/:0
[ 1316385ms] [ERROR] Failed to load resource: net::ERR_CONNECTION_REFUSED @ http://localhost:3007/:0
[ 1317389ms] [ERROR] Failed to load resource: net::ERR_CONNECTION_REFUSED @ http://localhost:3007/:0
[ 1318393ms] [ERROR] Failed to load resource: net::ERR_CONNECTION_REFUSED @ http://localhost:3007/:0
[ 1326167ms] [INFO] %cDownload the React DevTools for a better development experience: https://reactjs.org/link/react-devtools font-weight:bold @ http://localhost:3007/node_modules/.vite/deps/chunk-RPCDYKBN.js?v=0af21f63:21550
[ 1326383ms] [WARNING] ⚠️ React Router Future Flag Warning: React Router will begin wrapping state updates in `React.startTransition` in v7. You can use the `v7_startTransition` future flag to opt-in early. For more information, see https://reactrouter.com/v6/upgrading/future#v7_starttransition. @ http://localhost:3007/node_modules/.vite/deps/react-router-dom.js?v=0af21f63:4426
[ 1326384ms] [WARNING] ⚠️ React Router Future Flag Warning: Relative route resolution within Splat routes is changing in v7. You can use the `v7_relativeSplatPath` future flag to opt-in early. For more information, see https://reactrouter.com/v6/upgrading/future#v7_relativesplatpath. @ http://localhost:3007/node_modules/.vite/deps/react-router-dom.js?v=0af21f63:4426
[ 1329173ms] [LOG] 需要获取用户信息 @ http://localhost:3007/src/contexts/AuthContext.tsx:36
[ 1329890ms] [LOG] 需要获取用户信息 @ http://localhost:3007/src/contexts/AuthContext.tsx:36
[ 1753885ms] [LOG] 需要获取用户信息 @ http://localhost:3007/src/contexts/AuthContext.tsx?t=1784809767766:45
[ 1754101ms] Error: useAuth must be used within an AuthProvider
    at useAuth (http://localhost:3007/src/contexts/AuthContext.tsx?t=1784809767766:25:11)
    at AuthRoute (http://localhost:3007/src/router/AuthRoute.tsx?t=1784809767766:22:21)
    at renderWithHooks (http://localhost:3007/node_modules/.vite/deps/chunk-RPCDYKBN.js?v=0af21f63:11548:26)
    at mountIndeterminateComponent (http://localhost:3007/node_modules/.vite/deps/chunk-RPCDYKBN.js?v=0af21f63:14926:21)
    at beginWork (http://localhost:3007/node_modules/.vite/deps/chunk-RPCDYKBN.js?v=0af21f63:15914:22)
    at HTMLUnknownElement.callCallback2 (http://localhost:3007/node_modules/.vite/deps/chunk-RPCDYKBN.js?v=0af21f63:3674:22)
    at Object.invokeGuardedCallbackDev (http://localhost:3007/node_modules/.vite/deps/chunk-RPCDYKBN.js?v=0af21f63:3699:24)
    at invokeGuardedCallback (http://localhost:3007/node_modules/.vite/deps/chunk-RPCDYKBN.js?v=0af21f63:3733:39)
    at beginWork$1 (http://localhost:3007/node_modules/.vite/deps/chunk-RPCDYKBN.js?v=0af21f63:19765:15)
    at performUnitOfWork (http://localhost:3007/node_modules/.vite/deps/chunk-RPCDYKBN.js?v=0af21f63:19198:20)
[ 1754102ms] Error: useAuth must be used within an AuthProvider
    at useAuth (http://localhost:3007/src/contexts/AuthContext.tsx?t=1784809767766:25:11)
    at AuthRoute (http://localhost:3007/src/router/AuthRoute.tsx?t=1784809767766:22:21)
    at renderWithHooks (http://localhost:3007/node_modules/.vite/deps/chunk-RPCDYKBN.js?v=0af21f63:11548:26)
    at mountIndeterminateComponent (http://localhost:3007/node_modules/.vite/deps/chunk-RPCDYKBN.js?v=0af21f63:14926:21)
    at beginWork (http://localhost:3007/node_modules/.vite/deps/chunk-RPCDYKBN.js?v=0af21f63:15914:22)
    at HTMLUnknownElement.callCallback2 (http://localhost:3007/node_modules/.vite/deps/chunk-RPCDYKBN.js?v=0af21f63:3674:22)
    at Object.invokeGuardedCallbackDev (http://localhost:3007/node_modules/.vite/deps/chunk-RPCDYKBN.js?v=0af21f63:3699:24)
    at invokeGuardedCallback (http://localhost:3007/node_modules/.vite/deps/chunk-RPCDYKBN.js?v=0af21f63:3733:39)
    at beginWork$1 (http://localhost:3007/node_modules/.vite/deps/chunk-RPCDYKBN.js?v=0af21f63:19765:15)
    at performUnitOfWork (http://localhost:3007/node_modules/.vite/deps/chunk-RPCDYKBN.js?v=0af21f63:19198:20)
[ 1754032ms] [ERROR] The above error occurred in the <AuthRoute> component:

    at AuthRoute (http://localhost:3007/src/router/AuthRoute.tsx?t=1784809767766:20:22)
    at RenderedRoute (http://localhost:3007/node_modules/.vite/deps/react-router-dom.js?v=0af21f63:4122:5)
    at Routes (http://localhost:3007/node_modules/.vite/deps/react-router-dom.js?v=0af21f63:4592:5)
    at Suspense
    at AppRouter
    at AuthProvider (http://localhost:3007/src/contexts/AuthContext.tsx?t=1784809867668:31:32)
    at div
    at App (http://localhost:3007/node_modules/.vite/deps/antd.js?v=0af21f63:22588:16)
    at MotionWrapper (http://localhost:3007/node_modules/.vite/deps/antd.js?v=0af21f63:7041:32)
    at ProviderChildren (http://localhost:3007/node_modules/.vite/deps/antd.js?v=0af21f63:7149:5)
    at ConfigProvider (http://localhost:3007/node_modules/.vite/deps/antd.js?v=0af21f63:7440:27)
    at App (http://localhost:3007/src/App.tsx?t=1784809767766:26:29)
    at Router (http://localhost:3007/node_modules/.vite/deps/react-router-dom.js?v=0af21f63:4535:15)
    at BrowserRouter (http://localhost:3007/node_modules/.vite/deps/react-router-dom.js?v=0af21f63:5273:5)
    at LocaleProvider (http://localhost:3007/node_modules/.vite/deps/antd.js?v=0af21f63:3832:13)
    at MotionWrapper (http://localhost:3007/node_modules/.vite/deps/antd.js?v=0af21f63:7041:32)
    at ProviderChildren (http://localhost:3007/node_modules/.vite/deps/antd.js?v=0af21f63:7149:5)
    at ConfigProvider (http://localhost:3007/node_modules/.vite/deps/antd.js?v=0af21f63:7440:27)
    at I18nProvider (http://localhost:3007/src/components/I18nProvider.tsx:25:25)
    at QueryClientProvider (http://localhost:3007/node_modules/.vite/deps/@tanstack_react-query.js?v=0af21f63:3253:3)
    at Provider (http://localhost:3007/node_modules/.vite/deps/react-redux.js?v=0af21f63:924:11)

Consider adding an error boundary to your tree to customize error handling behavior.
Visit https://reactjs.org/link/error-boundaries to learn more about error boundaries. @ http://localhost:3007/node_modules/.vite/deps/chunk-RPCDYKBN.js?v=0af21f63:14031
[ 1754108ms] Error: useAuth must be used within an AuthProvider
    at useAuth (http://localhost:3007/src/contexts/AuthContext.tsx?t=1784809767766:25:11)
    at AuthRoute (http://localhost:3007/src/router/AuthRoute.tsx?t=1784809767766:22:21)
    at renderWithHooks (http://localhost:3007/node_modules/.vite/deps/chunk-RPCDYKBN.js?v=0af21f63:11548:26)
    at mountIndeterminateComponent (http://localhost:3007/node_modules/.vite/deps/chunk-RPCDYKBN.js?v=0af21f63:14926:21)
    at beginWork (http://localhost:3007/node_modules/.vite/deps/chunk-RPCDYKBN.js?v=0af21f63:15914:22)
    at beginWork$1 (http://localhost:3007/node_modules/.vite/deps/chunk-RPCDYKBN.js?v=0af21f63:19753:22)
    at performUnitOfWork (http://localhost:3007/node_modules/.vite/deps/chunk-RPCDYKBN.js?v=0af21f63:19198:20)
    at workLoopSync (http://localhost:3007/node_modules/.vite/deps/chunk-RPCDYKBN.js?v=0af21f63:19137:13)
    at renderRootSync (http://localhost:3007/node_modules/.vite/deps/chunk-RPCDYKBN.js?v=0af21f63:19116:15)
    at recoverFromConcurrentError (http://localhost:3007/node_modules/.vite/deps/chunk-RPCDYKBN.js?v=0af21f63:18736:28)
[ 1755177ms] [LOG] 需要获取用户信息 @ http://localhost:3007/src/contexts/AuthContext.tsx?t=1784809867668:46
[ 1755178ms] [LOG] 需要获取用户信息 @ http://localhost:3007/src/contexts/AuthContext.tsx?t=1784809867668:46
[ 1763433ms] [INFO] %cDownload the React DevTools for a better development experience: https://reactjs.org/link/react-devtools font-weight:bold @ http://localhost:3007/node_modules/.vite/deps/chunk-RPCDYKBN.js?v=0af21f63:21550
[ 1763655ms] [WARNING] ⚠️ React Router Future Flag Warning: React Router will begin wrapping state updates in `React.startTransition` in v7. You can use the `v7_startTransition` future flag to opt-in early. For more information, see https://reactrouter.com/v6/upgrading/future#v7_starttransition. @ http://localhost:3007/node_modules/.vite/deps/react-router-dom.js?v=0af21f63:4426
[ 1763655ms] [WARNING] ⚠️ React Router Future Flag Warning: Relative route resolution within Splat routes is changing in v7. You can use the `v7_relativeSplatPath` future flag to opt-in early. For more information, see https://reactrouter.com/v6/upgrading/future#v7_relativesplatpath. @ http://localhost:3007/node_modules/.vite/deps/react-router-dom.js?v=0af21f63:4426
[ 1764845ms] [LOG] 需要获取用户信息 @ http://localhost:3007/src/contexts/AuthContext.tsx?t=1784809867668:46
[ 1764849ms] [LOG] 需要获取用户信息 @ http://localhost:3007/src/contexts/AuthContext.tsx?t=1784809867668:46
[ 1785942ms] [INFO] %cDownload the React DevTools for a better development experience: https://reactjs.org/link/react-devtools font-weight:bold @ http://localhost:3007/node_modules/.vite/deps/chunk-RPCDYKBN.js?v=0af21f63:21550
[ 1786026ms] [WARNING] ⚠️ React Router Future Flag Warning: React Router will begin wrapping state updates in `React.startTransition` in v7. You can use the `v7_startTransition` future flag to opt-in early. For more information, see https://reactrouter.com/v6/upgrading/future#v7_starttransition. @ http://localhost:3007/node_modules/.vite/deps/react-router-dom.js?v=0af21f63:4426
[ 1786027ms] [WARNING] ⚠️ React Router Future Flag Warning: Relative route resolution within Splat routes is changing in v7. You can use the `v7_relativeSplatPath` future flag to opt-in early. For more information, see https://reactrouter.com/v6/upgrading/future#v7_relativesplatpath. @ http://localhost:3007/node_modules/.vite/deps/react-router-dom.js?v=0af21f63:4426
[ 1787128ms] [LOG] 需要获取用户信息 @ http://localhost:3007/src/contexts/AuthContext.tsx?t=1784809867668:46
[ 1787130ms] [LOG] 需要获取用户信息 @ http://localhost:3007/src/contexts/AuthContext.tsx?t=1784809867668:46
[ 1812732ms] [INFO] %cDownload the React DevTools for a better development experience: https://reactjs.org/link/react-devtools font-weight:bold @ http://localhost:3007/node_modules/.vite/deps/chunk-RPCDYKBN.js?v=0af21f63:21550
[ 1812808ms] [WARNING] ⚠️ React Router Future Flag Warning: React Router will begin wrapping state updates in `React.startTransition` in v7. You can use the `v7_startTransition` future flag to opt-in early. For more information, see https://reactrouter.com/v6/upgrading/future#v7_starttransition. @ http://localhost:3007/node_modules/.vite/deps/react-router-dom.js?v=0af21f63:4426
[ 1812808ms] [WARNING] ⚠️ React Router Future Flag Warning: Relative route resolution within Splat routes is changing in v7. You can use the `v7_relativeSplatPath` future flag to opt-in early. For more information, see https://reactrouter.com/v6/upgrading/future#v7_relativesplatpath. @ http://localhost:3007/node_modules/.vite/deps/react-router-dom.js?v=0af21f63:4426
[ 1813985ms] [LOG] 需要获取用户信息 @ http://localhost:3007/src/contexts/AuthContext.tsx?t=1784809867668:46
[ 1813987ms] [LOG] 需要获取用户信息 @ http://localhost:3007/src/contexts/AuthContext.tsx?t=1784809867668:46
[ 1827342ms] [ERROR] Warning: [antd: message] Static function can not consume context like dynamic theme. Please use 'App' component instead. @ http://localhost:3007/node_modules/.vite/deps/antd.js?v=0af21f63:853
[ 1827344ms] [ERROR] Failed to load resource: net::ERR_CONNECTION_REFUSED @ http://localhost:8080/api/users?page=1&pageSize=10&keyword=&role=&_t=1784810088379:0
[ 1828349ms] [ERROR] Failed to load resource: net::ERR_CONNECTION_REFUSED @ http://localhost:8080/api/users?page=1&pageSize=10&keyword=&role=&_t=1784810089417:0
[ 1842466ms] [LOG] [vite] server connection lost. Polling for restart... @ http://localhost:3007/@vite/client:559
[ 1842470ms] [ERROR] Failed to load resource: net::ERR_CONNECTION_REFUSED @ http://localhost:3007/:0
[ 1843475ms] [ERROR] Failed to load resource: net::ERR_CONNECTION_REFUSED @ http://localhost:3007/:0
[ 1844479ms] [ERROR] Failed to load resource: net::ERR_CONNECTION_REFUSED @ http://localhost:3007/:0
[ 1845481ms] [ERROR] Failed to load resource: net::ERR_CONNECTION_REFUSED @ http://localhost:3007/:0
[ 1846485ms] [ERROR] Failed to load resource: net::ERR_CONNECTION_REFUSED @ http://localhost:3007/:0
[ 1847489ms] [ERROR] Failed to load resource: net::ERR_CONNECTION_REFUSED @ http://localhost:3007/:0
[ 1848493ms] [ERROR] Failed to load resource: net::ERR_CONNECTION_REFUSED @ http://localhost:3007/:0
[ 1849496ms] [ERROR] Failed to load resource: net::ERR_CONNECTION_REFUSED @ http://localhost:3007/:0
[ 1850499ms] [ERROR] Failed to load resource: net::ERR_CONNECTION_REFUSED @ http://localhost:3007/:0
[ 1851502ms] [ERROR] Failed to load resource: net::ERR_CONNECTION_REFUSED @ http://localhost:3007/:0
[ 1852505ms] [ERROR] Failed to load resource: net::ERR_CONNECTION_REFUSED @ http://localhost:3007/:0
[ 1860019ms] [INFO] %cDownload the React DevTools for a better development experience: https://reactjs.org/link/react-devtools font-weight:bold @ http://localhost:3007/node_modules/.vite/deps/chunk-RPCDYKBN.js?v=0af21f63:21550
[ 1860135ms] [WARNING] ⚠️ React Router Future Flag Warning: React Router will begin wrapping state updates in `React.startTransition` in v7. You can use the `v7_startTransition` future flag to opt-in early. For more information, see https://reactrouter.com/v6/upgrading/future#v7_starttransition. @ http://localhost:3007/node_modules/.vite/deps/react-router-dom.js?v=0af21f63:4426
[ 1860135ms] [WARNING] ⚠️ React Router Future Flag Warning: Relative route resolution within Splat routes is changing in v7. You can use the `v7_relativeSplatPath` future flag to opt-in early. For more information, see https://reactrouter.com/v6/upgrading/future#v7_relativesplatpath. @ http://localhost:3007/node_modules/.vite/deps/react-router-dom.js?v=0af21f63:4426
[ 1861325ms] [LOG] 需要获取用户信息 @ http://localhost:3007/src/contexts/AuthContext.tsx:46
[ 1861327ms] [LOG] 需要获取用户信息 @ http://localhost:3007/src/contexts/AuthContext.tsx:46
